\BOOKMARK [1][]{section.1}{\376\377\000I\000n\000t\000r\000o\000d\000u\000c\000t\000i\000o\000n}{}% 1
\BOOKMARK [1][]{section.2}{\376\377\000B\000a\000c\000k\000g\000r\000o\000u\000n\000d\000\040\000a\000n\000d\000\040\000R\000e\000l\000a\000t\000e\000d\000\040\000W\000o\000r\000k}{}% 2
\BOOKMARK [2][]{subsection.2.1}{\376\377\000O\000v\000e\000r\000v\000i\000e\000w\000\040\000o\000f\000\040\000T\000r\000a\000f\000f\000i\000c\000\040\000P\000r\000e\000d\000i\000c\000t\000i\000o\000n\000\040\000A\000p\000p\000r\000o\000a\000c\000h\000e\000s}{section.2}% 3
\BOOKMARK [2][]{subsection.2.2}{\376\377\000G\000r\000a\000p\000h\000\040\000C\000o\000n\000v\000o\000l\000u\000t\000i\000o\000n\000a\000l\000\040\000N\000e\000t\000w\000o\000r\000k}{section.2}% 4
\BOOKMARK [2][]{subsection.2.3}{\376\377\000T\000e\000m\000p\000o\000r\000a\000l\000\040\000G\000r\000a\000p\000h\000\040\000C\000o\000n\000v\000o\000l\000u\000t\000i\000o\000n\000a\000l\000\040\000N\000e\000t\000w\000o\000r\000k}{section.2}% 5
\BOOKMARK [2][]{subsection.2.4}{\376\377\000G\000r\000a\000p\000h\000\040\000S\000t\000r\000u\000c\000t\000u\000r\000e\000\040\000L\000e\000a\000r\000n\000i\000n\000g}{section.2}% 6
\BOOKMARK [2][]{subsection.2.5}{\376\377\000P\000o\000s\000i\000t\000i\000o\000n\000\040\000o\000f\000\040\000t\000h\000i\000s\000\040\000W\000o\000r\000k}{section.2}% 7
\BOOKMARK [1][]{section.3}{\376\377\000T\000h\000e\000\040\000P\000r\000o\000p\000o\000s\000e\000d\000\040\000M\000e\000t\000h\000o\000d\000:\000\040\000E\000s\000t\000i\000m\000a\000t\000i\000n\000g\000\040\000t\000h\000e\000\040\000A\000d\000j\000a\000c\000e\000n\000c\000y\000\040\000M\000a\000t\000r\000i\000x\000\040\000w\000i\000t\000h\000\040\000G\000r\000a\000p\000h\000\040\000S\000t\000r\000u\000c\000t\000u\000r\000e\000\040\000L\000e\000a\000r\000n\000i\000n\000g}{}% 8
\BOOKMARK [2][]{subsection.3.1}{\376\377\000M\000o\000t\000i\000v\000a\000t\000i\000o\000n}{section.3}% 9
\BOOKMARK [2][]{subsection.3.2}{\376\377\000I\000n\000t\000e\000g\000r\000a\000t\000i\000o\000n\000\040\000o\000f\000\040\000L\000e\000a\000r\000n\000e\000d\000\040\000S\000t\000r\000u\000c\000t\000u\000r\000e\000\040\000w\000i\000t\000h\000\040\000T\000e\000m\000p\000o\000r\000a\000l\000\040\000M\000o\000d\000e\000l\000i\000n\000g}{section.3}% 10
\BOOKMARK [2][]{subsection.3.3}{\376\377\000C\000o\000n\000t\000i\000n\000u\000o\000u\000s\000\040\000O\000p\000t\000i\000m\000i\000z\000a\000t\000i\000o\000n\000\040\000f\000o\000r\000\040\000G\000r\000a\000p\000h\000\040\000S\000t\000r\000u\000c\000t\000u\000r\000e\000\040\000L\000e\000a\000r\000n\000i\000n\000g}{section.3}% 11
\BOOKMARK [3][]{section*.4}{\376\377\000E\000s\000t\000i\000m\000a\000t\000o\000r\000\040\000u\000s\000e\000d\000\040\000i\000n\000\040\000t\000h\000i\000s\000\040\000p\000a\000p\000e\000r\000\040\000\050\000D\000A\000G\000M\000A\000\051\000.}{subsection.3.3}% 12
\BOOKMARK [2][]{subsection.3.4}{\376\377\000C\000o\000n\000t\000e\000m\000p\000o\000r\000a\000n\000e\000o\000u\000s\000\040\000G\000r\000a\000p\000h\000\040\000L\000e\000a\000r\000n\000i\000n\000g\000\040\000\050\000G\000S\000L\000\040\000a\000n\000d\000\040\000c\000G\000S\000L\000\051}{section.3}% 13
\BOOKMARK [3][]{section*.5}{\376\377\000I\000n\000p\000u\000t\000\040\000a\000n\000d\000\040\000f\000i\000t\000.}{subsection.3.4}% 14
\BOOKMARK [4][]{section*.6}{\376\377\000c\000G\000S\000L\000\040\000\050\000s\000y\000m\000m\000e\000t\000r\000i\000z\000e\000d\000\040\000G\000S\000L\000\051\000.}{section*.5}% 15
\BOOKMARK [4][]{section*.7}{\376\377\000I\000n\000t\000e\000r\000p\000r\000e\000t\000a\000t\000i\000o\000n\000.}{section*.5}% 16
\BOOKMARK [2][]{subsection.3.5}{\376\377\000M\000u\000l\000t\000i\000-\000L\000a\000g\000\040\000G\000r\000a\000p\000h\000\040\000L\000e\000a\000r\000n\000i\000n\000g}{section.3}% 17
\BOOKMARK [2][]{subsection.3.6}{\376\377\000U\000s\000i\000n\000g\000\040\000L\000e\000a\000r\000n\000e\000d\000\040\000G\000r\000a\000p\000h\000s\000\040\000i\000n\000\040\000G\000C\000N\000\040\000a\000n\000d\000\040\000T\000-\000G\000C\000N}{section.3}% 18
\BOOKMARK [3][]{section*.8}{\376\377\000S\000i\000n\000g\000l\000e\000-\000g\000r\000a\000p\000h\000\040\000u\000s\000e\000\040\000\050\000G\000S\000L\000\040\000/\000\040\000c\000G\000S\000L\000\040\000/\000\040\000p\000h\000y\000s\000i\000c\000a\000l\000\040\000/\000\040\000i\000d\000e\000n\000t\000i\000t\000y\000\051\000.}{subsection.3.6}% 19
\BOOKMARK [4][]{section*.9}{\376\377\000M\000u\000l\000t\000i\000-\000l\000a\000g\000\040\000u\000s\000e\000\040\000i\000n\000\040\000T\000-\000G\000C\000N\000.}{section*.8}% 20
\BOOKMARK [4][]{section*.10}{\376\377\000M\000u\000l\000t\000i\000-\000l\000a\000g\000\040\000u\000s\000e\000\040\000i\000n\000\040\000G\000C\000N\000\040\000\050\000G\000C\000N\000-\000M\000u\000l\000t\000i\000G\000S\000L\000\051\000.}{section*.8}% 21
\BOOKMARK [4][]{section*.11}{\376\377\000C\000a\000p\000a\000c\000i\000t\000y\000.}{section*.8}% 22
\BOOKMARK [2][]{subsection.3.7}{\376\377\000S\000u\000m\000m\000a\000r\000y\000\040\000o\000f\000\040\000G\000r\000a\000p\000h\000\040\000S\000o\000u\000r\000c\000e\000s}{section.3}% 23
\BOOKMARK [1][]{section.4}{\376\377\000E\000x\000p\000e\000r\000i\000m\000e\000n\000t\000a\000l\000\040\000S\000e\000t\000u\000p}{}% 24
\BOOKMARK [2][]{subsection.4.1}{\376\377\000D\000a\000t\000a\000s\000e\000t\000s}{section.4}% 25
\BOOKMARK [2][]{subsection.4.2}{\376\377\000D\000a\000t\000a\000\040\000S\000p\000l\000i\000t\000\040\000a\000n\000d\000\040\000N\000o\000r\000m\000a\000l\000i\000z\000a\000t\000i\000o\000n}{section.4}% 26
\BOOKMARK [2][]{subsection.4.3}{\376\377\000F\000o\000r\000e\000c\000a\000s\000t\000i\000n\000g\000\040\000P\000r\000o\000t\000o\000c\000o\000l}{section.4}% 27
\BOOKMARK [2][]{subsection.4.4}{\376\377\000M\000o\000d\000e\000l\000\040\000C\000o\000n\000f\000i\000g\000u\000r\000a\000t\000i\000o\000n\000s}{section.4}% 28
\BOOKMARK [3][]{section*.14}{\376\377\000T\000-\000G\000C\000N\000\040\000f\000a\000m\000i\000l\000y\000.}{subsection.4.4}% 29
\BOOKMARK [4][]{section*.15}{\376\377\000G\000C\000N\000\040\000f\000a\000m\000i\000l\000y\000.}{section*.14}% 30
\BOOKMARK [2][]{subsection.4.5}{\376\377\000T\000r\000a\000i\000n\000i\000n\000g\000\040\000P\000r\000o\000t\000o\000c\000o\000l}{section.4}% 31
\BOOKMARK [2][]{subsection.4.6}{\376\377\000E\000v\000a\000l\000u\000a\000t\000i\000o\000n\000\040\000M\000e\000t\000r\000i\000c\000s}{section.4}% 32
\BOOKMARK [2][]{subsection.4.7}{\376\377\000S\000t\000a\000t\000i\000s\000t\000i\000c\000a\000l\000\040\000R\000e\000p\000o\000r\000t\000i\000n\000g}{section.4}% 33
\BOOKMARK [2][]{subsection.4.8}{\376\377\000M\000a\000t\000c\000h\000e\000d\000-\000S\000p\000a\000r\000s\000i\000t\000y\000\040\000a\000n\000d\000\040\000C\000a\000p\000a\000c\000i\000t\000y\000\040\000C\000o\000n\000t\000r\000o\000l\000s}{section.4}% 34
\BOOKMARK [2][]{subsection.4.9}{\376\377\000A\000b\000l\000a\000t\000i\000o\000n\000\040\000S\000t\000u\000d\000i\000e\000s}{section.4}% 35
\BOOKMARK [2][]{subsection.4.10}{\376\377\000T\000e\000m\000p\000o\000r\000a\000l\000-\000R\000e\000s\000o\000l\000u\000t\000i\000o\000n\000\040\000V\000a\000r\000i\000a\000n\000t}{section.4}% 36
\BOOKMARK [1][]{section.5}{\376\377\000R\000e\000s\000u\000l\000t\000s}{}% 37
\BOOKMARK [2][]{subsection.5.1}{\376\377\000B\000a\000s\000e\000l\000i\000n\000e\000s\000:\000\040\000P\000h\000y\000s\000i\000c\000a\000l\000\040\000G\000r\000a\000p\000h\000\040\000v\000e\000r\000s\000u\000s\000\040\000G\000r\000a\000p\000h\000-\000F\000r\000e\000e\000\040\000C\000o\000n\000t\000r\000o\000l}{section.5}% 38
\BOOKMARK [2][]{subsection.5.2}{\376\377\000C\000o\000n\000t\000e\000m\000p\000o\000r\000a\000n\000e\000o\000u\000s\000\040\000L\000e\000a\000r\000n\000e\000d\000\040\000G\000r\000a\000p\000h\000s\000\040\000\050\000G\000S\000L\000\040\000a\000n\000d\000\040\000c\000G\000S\000L\000\051}{section.5}% 39
\BOOKMARK [2][]{subsection.5.3}{\376\377\000I\000s\000\040\000t\000h\000e\000\040\000G\000a\000i\000n\000\040\000O\000n\000l\000y\000\040\000S\000p\000a\000r\000s\000i\000t\000y\000?}{section.5}% 40
\BOOKMARK [2][]{subsection.5.4}{\376\377\000M\000u\000l\000t\000i\000-\000L\000a\000g\000\040\000L\000e\000a\000r\000n\000e\000d\000\040\000G\000r\000a\000p\000h\000s}{section.5}% 41
\BOOKMARK [2][]{subsection.5.5}{\376\377\000D\000a\000t\000a\000s\000e\000t\000\040\000D\000e\000p\000e\000n\000d\000e\000n\000c\000e\000\040\000a\000n\000d\000\040\000T\000e\000m\000p\000o\000r\000a\000l\000\040\000R\000e\000s\000o\000l\000u\000t\000i\000o\000n}{section.5}% 42
\BOOKMARK [3][]{section*.16}{\376\377\000S\000Z\000-\000T\000a\000x\000i\000.}{subsection.5.5}% 43
\BOOKMARK [4][]{section*.17}{\376\377\000L\000o\000s\000-\000l\000o\000o\000p\000\040\000a\000t\000\040\0001\0005\000-\000m\000i\000n\000u\000t\000e\000\040\000s\000a\000m\000p\000l\000i\000n\000g\000\040\000\050\000r\000e\000s\000o\000l\000u\000t\000i\000o\000n\000\040\000c\000o\000n\000t\000r\000o\000l\000\051\000.}{section*.16}% 44
\BOOKMARK [2][]{subsection.5.6}{\376\377\000S\000u\000m\000m\000a\000r\000y\000\040\000o\000f\000\040\000F\000i\000n\000d\000i\000n\000g\000s}{section.5}% 45
\BOOKMARK [1][]{section.6}{\376\377\000D\000i\000s\000c\000u\000s\000s\000i\000o\000n}{}% 46
\BOOKMARK [2][]{subsection.6.1}{\376\377\000W\000h\000e\000n\000\040\000t\000h\000e\000\040\000P\000h\000y\000s\000i\000c\000a\000l\000\040\000G\000r\000a\000p\000h\000\040\000I\000s\000\040\000a\000\040\000P\000o\000o\000r\000\040\000D\000e\000f\000a\000u\000l\000t}{section.6}% 47
\BOOKMARK [2][]{subsection.6.2}{\376\377\000W\000h\000e\000n\000\040\000L\000e\000a\000r\000n\000e\000d\000\040\000S\000t\000r\000u\000c\000t\000u\000r\000e\000\040\000H\000e\000l\000p\000s}{section.6}% 48
\BOOKMARK [2][]{subsection.6.3}{\376\377\000W\000h\000a\000t\000\040\000t\000h\000e\000\040\000L\000e\000a\000r\000n\000e\000d\000\040\000G\000r\000a\000p\000h\000\040\000R\000e\000p\000r\000e\000s\000e\000n\000t\000s}{section.6}% 49
\BOOKMARK [2][]{subsection.6.4}{\376\377\000D\000a\000t\000a\000s\000e\000t\000\040\000D\000e\000p\000e\000n\000d\000e\000n\000c\000e}{section.6}% 50
\BOOKMARK [1][]{section.7}{\376\377\000L\000i\000m\000i\000t\000a\000t\000i\000o\000n\000s}{}% 51
\BOOKMARK [1][]{section.8}{\376\377\000C\000o\000n\000c\000l\000u\000s\000i\000o\000n\000\040\000a\000n\000d\000\040\000F\000u\000t\000u\000r\000e\000\040\000W\000o\000r\000k\000s}{}% 52
\BOOKMARK [1][]{appendix.a.A}{\376\377\000A\000d\000d\000i\000t\000i\000o\000n\000a\000l\000\040\000E\000x\000p\000e\000r\000i\000m\000e\000n\000t\000a\000l\000\040\000R\000e\000s\000u\000l\000t\000s}{}% 53
\BOOKMARK [2][]{subsection.a.A.1}{\376\377\000L\000a\000g\000\040\000a\000b\000l\000a\000t\000i\000o\000n\000\040\000\050\000s\000u\000p\000p\000l\000e\000m\000e\000n\000t\000a\000r\000y\000,\000\040\000s\000i\000n\000g\000l\000e\000\040\000s\000e\000e\000d\000\051}{appendix.a.A}% 54
\BOOKMARK [2][]{subsection.a.A.2}{\376\377\000T\000r\000a\000i\000n\000i\000n\000g\000\040\000c\000u\000r\000v\000e\000s\000\040\000\050\000i\000l\000l\000u\000s\000t\000r\000a\000t\000i\000v\000e\000\051}{appendix.a.A}% 55
\BOOKMARK [1][]{appendix.a.B}{\376\377\000B\000i\000b\000l\000i\000o\000m\000e\000t\000r\000i\000c\000\040\000A\000n\000a\000l\000y\000s\000i\000s\000\040\000M\000e\000t\000h\000o\000d\000o\000l\000o\000g\000y}{}% 56
\BOOKMARK [2][]{subsection.a.B.1}{\376\377\000D\000a\000t\000a\000\040\000C\000o\000l\000l\000e\000c\000t\000i\000o\000n\000\040\000a\000n\000d\000\040\000F\000i\000l\000t\000e\000r\000i\000n\000g}{appendix.a.B}% 57
\BOOKMARK [2][]{subsection.a.B.2}{\376\377\000K\000e\000y\000w\000o\000r\000d\000\040\000P\000r\000o\000c\000e\000s\000s\000i\000n\000g\000\040\000a\000n\000d\000\040\000S\000e\000m\000a\000n\000t\000i\000c\000\040\000C\000l\000u\000s\000t\000e\000r\000i\000n\000g}{appendix.a.B}% 58
\BOOKMARK [2][]{subsection.a.B.3}{\376\377\000K\000e\000y\000\040\000F\000i\000n\000d\000i\000n\000g\000s}{appendix.a.B}% 59
\BOOKMARK [1][]{appendix.a.C}{\376\377\000A\000d\000d\000i\000t\000i\000o\000n\000a\000l\000\040\000M\000A\000E\000\040\000R\000e\000s\000u\000l\000t\000s}{}% 60
