\BOOKMARK [1][]{section.1}{\376\377\000I\000n\000t\000r\000o\000d\000u\000c\000t\000i\000o\000n}{}% 1
\BOOKMARK [1][]{section.2}{\376\377\000B\000a\000c\000k\000g\000r\000o\000u\000n\000d}{}% 2
\BOOKMARK [2][]{subsection.2.1}{\376\377\000P\000r\000o\000b\000l\000e\000m\000\040\000F\000o\000r\000m\000u\000l\000a\000t\000i\000o\000n}{section.2}% 3
\BOOKMARK [2][]{subsection.2.2}{\376\377\000G\000r\000a\000p\000h\000\040\000C\000o\000n\000v\000o\000l\000u\000t\000i\000o\000n\000a\000l\000\040\000N\000e\000t\000w\000o\000r\000k\000s}{section.2}% 4
\BOOKMARK [2][]{subsection.2.3}{\376\377\000T\000e\000m\000p\000o\000r\000a\000l\000\040\000G\000r\000a\000p\000h\000\040\000C\000o\000n\000v\000o\000l\000u\000t\000i\000o\000n\000a\000l\000\040\000N\000e\000t\000w\000o\000r\000k}{section.2}% 5
\BOOKMARK [1][]{section.3}{\376\377\000P\000r\000o\000p\000o\000s\000e\000d\000\040\000M\000e\000t\000h\000o\000d}{}% 6
\BOOKMARK [2][]{subsection.3.1}{\376\377\000M\000o\000t\000i\000v\000a\000t\000i\000o\000n\000\040\000f\000o\000r\000\040\000D\000a\000t\000a\000-\000D\000r\000i\000v\000e\000n\000\040\000G\000r\000a\000p\000h\000\040\000S\000t\000r\000u\000c\000t\000u\000r\000e\000\040\000L\000e\000a\000r\000n\000i\000n\000g}{section.3}% 7
\BOOKMARK [2][]{subsection.3.2}{\376\377\000D\000A\000G\000M\000A\000-\000B\000a\000s\000e\000d\000\040\000G\000r\000a\000p\000h\000\040\000S\000t\000r\000u\000c\000t\000u\000r\000e\000\040\000L\000e\000a\000r\000n\000i\000n\000g}{section.3}% 8
\BOOKMARK [2][]{subsection.3.3}{\376\377\000M\000u\000l\000t\000i\000-\000L\000a\000g\000\040\000D\000A\000G\000M\000A\000\040\000F\000o\000r\000m\000u\000l\000a\000t\000i\000o\000n}{section.3}% 9
\BOOKMARK [2][]{subsection.3.4}{\376\377\000G\000a\000t\000e\000d\000M\000u\000l\000t\000i\000G\000r\000a\000p\000h\000T\000G\000C\000N}{section.3}% 10
\BOOKMARK [3][]{subsubsection.3.4.1}{\376\377\000A\000r\000c\000h\000i\000t\000e\000c\000t\000u\000r\000e}{subsection.3.4}% 11
\BOOKMARK [3][]{subsubsection.3.4.2}{\376\377\000K\000e\000y\000\040\000P\000r\000o\000p\000e\000r\000t\000i\000e\000s}{subsection.3.4}% 12
\BOOKMARK [3][]{subsubsection.3.4.3}{\376\377\000P\000a\000r\000a\000m\000e\000t\000e\000r\000\040\000C\000o\000u\000n\000t}{subsection.3.4}% 13
\BOOKMARK [1][]{section.4}{\376\377\000E\000x\000p\000e\000r\000i\000m\000e\000n\000t\000a\000l\000\040\000S\000e\000t\000u\000p}{}% 14
\BOOKMARK [2][]{subsection.4.1}{\376\377\000D\000a\000t\000a\000s\000e\000t\000s}{section.4}% 15
\BOOKMARK [2][]{subsection.4.2}{\376\377\000M\000u\000l\000t\000i\000-\000L\000a\000g\000\040\000D\000A\000G\000M\000A\000\040\000C\000o\000n\000f\000i\000g\000u\000r\000a\000t\000i\000o\000n}{section.4}% 16
\BOOKMARK [2][]{subsection.4.3}{\376\377\000F\000o\000r\000e\000c\000a\000s\000t\000i\000n\000g\000\040\000M\000o\000d\000e\000l\000s}{section.4}% 17
\BOOKMARK [2][]{subsection.4.4}{\376\377\000E\000v\000a\000l\000u\000a\000t\000i\000o\000n\000\040\000M\000e\000t\000r\000i\000c\000s}{section.4}% 18
\BOOKMARK [1][]{section.5}{\376\377\000R\000e\000s\000u\000l\000t\000s}{}% 19
\BOOKMARK [2][]{subsection.5.1}{\376\377\000D\000e\000n\000s\000e\000\040\000P\000h\000y\000s\000i\000c\000a\000l\000\040\000G\000r\000a\000p\000h\000s\000\040\000a\000n\000d\000\040\000O\000v\000e\000r\000s\000m\000o\000o\000t\000h\000i\000n\000g}{section.5}% 20
\BOOKMARK [2][]{subsection.5.2}{\376\377\000M\000u\000l\000t\000i\000-\000L\000a\000g\000\040\000G\000r\000a\000p\000h\000\040\000S\000t\000r\000u\000c\000t\000u\000r\000e}{section.5}% 21
\BOOKMARK [2][]{subsection.5.3}{\376\377\000M\000u\000l\000t\000i\000-\000S\000e\000e\000d\000\040\000V\000a\000l\000i\000d\000a\000t\000i\000o\000n}{section.5}% 22
\BOOKMARK [2][]{subsection.5.4}{\376\377\000P\000a\000r\000a\000m\000e\000t\000e\000r\000-\000M\000a\000t\000c\000h\000e\000d\000\040\000C\000o\000n\000t\000r\000o\000l}{section.5}% 23
\BOOKMARK [2][]{subsection.5.5}{\376\377\000L\000a\000g\000\040\000A\000b\000l\000a\000t\000i\000o\000n}{section.5}% 24
\BOOKMARK [2][]{subsection.5.6}{\376\377\000P\000r\000e\000d\000i\000c\000t\000i\000o\000n\000\040\000H\000o\000r\000i\000z\000o\000n\000s\000\040\000a\000n\000d\000\040\000D\000a\000t\000a\000s\000e\000t\000\040\000D\000e\000p\000e\000n\000d\000e\000n\000c\000e}{section.5}% 25
\BOOKMARK [2][]{subsection.5.7}{\376\377\000R\000e\000l\000a\000t\000i\000o\000n\000\040\000t\000o\000\040\000O\000r\000i\000g\000i\000n\000a\000l\000\040\000G\000S\000L\000/\000c\000G\000S\000L\000\040\000R\000e\000s\000u\000l\000t\000s}{section.5}% 26
\BOOKMARK [1][]{section.6}{\376\377\000D\000i\000s\000c\000u\000s\000s\000i\000o\000n}{}% 27
\BOOKMARK [2][]{subsection.6.1}{\376\377\000W\000h\000y\000\040\000D\000e\000n\000s\000e\000\040\000P\000h\000y\000s\000i\000c\000a\000l\000\040\000G\000r\000a\000p\000h\000s\000\040\000F\000a\000i\000l}{section.6}% 28
\BOOKMARK [2][]{subsection.6.2}{\376\377\000W\000h\000y\000\040\000M\000u\000l\000t\000i\000-\000L\000a\000g\000\040\000P\000r\000o\000c\000e\000s\000s\000i\000n\000g\000\040\000H\000e\000l\000p\000s}{section.6}% 29
\BOOKMARK [2][]{subsection.6.3}{\376\377\000W\000h\000y\000\040\000t\000h\000e\000\040\000E\000f\000f\000e\000c\000t\000\040\000i\000s\000\040\000D\000a\000t\000a\000s\000e\000t\000-\000D\000e\000p\000e\000n\000d\000e\000n\000t}{section.6}% 30
\BOOKMARK [2][]{subsection.6.4}{\376\377\000C\000o\000n\000n\000e\000c\000t\000i\000o\000n\000\040\000t\000o\000\040\000O\000r\000i\000g\000i\000n\000a\000l\000\040\000G\000S\000L\000/\000c\000G\000S\000L\000\040\000F\000i\000n\000d\000i\000n\000g\000s}{section.6}% 31
\BOOKMARK [2][]{subsection.6.5}{\376\377\000T\000r\000a\000i\000n\000i\000n\000g\000\040\000D\000y\000n\000a\000m\000i\000c\000s}{section.6}% 32
\BOOKMARK [1][]{section.7}{\376\377\000L\000i\000m\000i\000t\000a\000t\000i\000o\000n\000s}{}% 33
\BOOKMARK [1][]{section.8}{\376\377\000C\000o\000n\000c\000l\000u\000s\000i\000o\000n}{}% 34
\BOOKMARK [2][]{section*.23}{\376\377\000A\000c\000k\000n\000o\000w\000l\000e\000d\000g\000e\000m\000e\000n\000t\000s}{section.8}% 35
\BOOKMARK [1][]{appendix.a.A}{\376\377\000O\000r\000i\000g\000i\000n\000a\000l\000\040\000G\000S\000L\000/\000c\000G\000S\000L\000\040\000R\000e\000s\000u\000l\000t\000s}{}% 36
\BOOKMARK [2][]{subsection.a.A.1}{\376\377\000M\000e\000t\000h\000o\000d}{appendix.a.A}% 37
\BOOKMARK [2][]{subsection.a.A.2}{\376\377\000G\000C\000N\000\040\000R\000e\000s\000u\000l\000t\000s}{appendix.a.A}% 38
\BOOKMARK [2][]{subsection.a.A.3}{\376\377\000T\000G\000C\000N\000\040\000R\000e\000s\000u\000l\000t\000s}{appendix.a.A}% 39
\BOOKMARK [2][]{subsection.a.A.4}{\376\377\000K\000e\000y\000\040\000O\000b\000s\000e\000r\000v\000a\000t\000i\000o\000n}{appendix.a.A}% 40
\BOOKMARK [1][]{appendix.a.B}{\376\377\000T\000r\000a\000i\000n\000i\000n\000g\000\040\000C\000o\000n\000v\000e\000r\000g\000e\000n\000c\000e}{}% 41
\BOOKMARK [1][]{appendix.a.C}{\376\377\000B\000i\000b\000l\000i\000o\000m\000e\000t\000r\000i\000c\000\040\000A\000n\000a\000l\000y\000s\000i\000s\000\040\000M\000e\000t\000h\000o\000d\000o\000l\000o\000g\000y}{}% 42
\BOOKMARK [2][]{subsection.a.C.1}{\376\377\000D\000a\000t\000a\000\040\000C\000o\000l\000l\000e\000c\000t\000i\000o\000n}{appendix.a.C}% 43
\BOOKMARK [2][]{subsection.a.C.2}{\376\377\000K\000e\000y\000w\000o\000r\000d\000\040\000P\000r\000o\000c\000e\000s\000s\000i\000n\000g}{appendix.a.C}% 44
\BOOKMARK [2][]{subsection.a.C.3}{\376\377\000K\000e\000y\000\040\000F\000i\000n\000d\000i\000n\000g\000s}{appendix.a.C}% 45
\BOOKMARK [1][]{appendix.a.D}{\376\377\000A\000d\000d\000i\000t\000i\000o\000n\000a\000l\000\040\000D\000i\000a\000g\000n\000o\000s\000t\000i\000c\000s}{}% 46
\BOOKMARK [2][]{subsection.a.D.1}{\376\377\000G\000r\000a\000p\000h\000\040\000D\000e\000n\000s\000i\000t\000y\000\040\000S\000t\000a\000t\000i\000s\000t\000i\000c\000s}{appendix.a.D}% 47
\BOOKMARK [2][]{subsection.a.D.2}{\376\377\000S\000Z\000-\000T\000a\000x\000i\000\040\000M\000u\000l\000t\000i\000-\000H\000o\000r\000i\000z\000o\000n\000\040\000R\000e\000s\000u\000l\000t\000s}{appendix.a.D}% 48
\BOOKMARK [2][]{subsection.a.D.3}{\376\377\000D\000A\000G\000M\000A\000\040\000C\000o\000m\000p\000u\000t\000a\000t\000i\000o\000n\000a\000l\000\040\000C\000o\000s\000t}{appendix.a.D}% 49
